O O O O O O O O 
O O O O O 
O O 
O O O O O O O O B-TIME-NONE-NONE-INTERVAL 
O O O O O O O O O O O O O 
O O O O O O O B-DET-NONE-NONE-MAIN O O 
O O O O O O O O O O O O O O O O B-FOOD-NONE-NONE-MAIN O B-AREA-NONE-NONE-CITY 
O 
O O O O O O O O O O O O O O O O O O O B-AREA-NONE-NONE-CITY O O O O O O O O O O O O O B-LOC-NONE-NONE-RESTAURANT O 
O 
O 
O 
O B-TRSP-NONE-NONE-TYPE O O O O O O O O O O O 
O 
O 
O O O O O O B-TIME-NONE-NONE-MAIN O O O O O O B-TIME-NONE-NONE-MAIN O 
O O O O O 
O O O O O O O O O B-TIME-NONE-NONE-DATE I-TIME-NONE-NONE-DATE O O O O O O B-TIME-NONE-NONE-DATE I-TIME-NONE-NONE-DATE O 
O 
O O O O O O O O O O O B-LOC-NONE-NONE-HOTEL 
O O O O O O O O O O O B-LOC-TO-NONE-ATTRACTION I-LOC-TO-NONE-ATTRACTION 
O 
O 
O O 
O 
O O 
O 
O 
O O B-LOC-NONE-NONE-HOTEL I-LOC-NONE-NONE-HOTEL 
O O O 
O O O O O B-TRSP-NONE-NONE-MAIN O O O O O B-TRSP-NONE-NONE-MAIN I-TRSP-NONE-NONE-MAIN 
O O B-TRSP-NONE-NONE-STATION O B-TRSP-NONE-NONE-STATION 
O 
O 
O O 
O O O O O 
O 
O O O O O 
O O O O O O B-AREA-NONE-NONE-CITY O O O O O O O O O O O O O O O O O O O 
O O O O B-FOOD-NONE-NONE-MAIN O O O O O O O O O O O 
O 
O O O O O O O O O O O O O O O 
O 
O O 
O 
O O 
O O O O O O O O O O O O O 
O O O O O O O O O O O O O O O 
O 
O O O O 
O O O O O O O B-AREA-NONE-NONE-CITY O O O O B-TIME-NONE-NONE-INTERVAL I-TIME-NONE-NONE-INTERVAL I-TIME-NONE-NONE-INTERVAL O O O O B-TIME-NONE-NONE-INTERVAL I-TIME-NONE-NONE-INTERVAL I-TIME-NONE-NONE-INTERVAL O O 
O O O O O O O O B-TIME-NONE-NONE-DATE I-TIME-NONE-NONE-DATE I-TIME-NONE-NONE-DATE I-TIME-NONE-NONE-DATE 
O O O O O O O O O O O O 
O O O O O O O O O O O O O O 
B-FEE-NONE-NONE-MAIN I-FEE-NONE-NONE-MAIN O B-FEE-NONE-NONE-MAIN I-FEE-NONE-NONE-MAIN O O 
O O 
O 
B-TRSP-NONE-NONE-STATION O 
O O 
O O 
O O O O O O O 
O B-TRSP-NONE-NONE-MAIN I-TRSP-NONE-NONE-MAIN 
O 
O 
O O 
O 
O 
O O O O O O O O O O B-TIME-NONE-NONE-MAIN 
O O 
B-TIME-NONE-NONE-INTERVAL I-TIME-NONE-NONE-INTERVAL O B-LOC-NONE-NONE-ATTRACTION O 
O 
O B-FOOD-NONE-NONE-MAIN I-FOOD-NONE-NONE-MAIN 
O O O 
B-LOC-NONE-NONE-ATTRACTION I-LOC-NONE-NONE-ATTRACTION O 
O 
O 
O 
O O O O O O 
O O 
O 
B-LOC-NONE-NONE-SHOP I-LOC-NONE-NONE-SHOP O 
O 
O 
B-AREA-NONE-NONE-DISTRICT I-AREA-NONE-NONE-DISTRICT 
O O 
O O O O O 
O B-DET-NONE-NONE-NATURE 
B-FEE-NONE-NONE-ATTRACTION I-FEE-NONE-NONE-ATTRACTION O 
O O 
O O O O O O O O 
O 
O O O B-LOC-NONE-NONE-TEMPLE I-LOC-NONE-NONE-TEMPLE O 
O O O 
O O O O O O O O O O O O O O O O O O O 
O O 
O O O O O O O O O O O O O B-FOOD-NONE-NONE-MAIN O O O 
O 
O 
O O O O O O O O 
O O 
O O O O O O O O O O O O O B-DET-NONE-NONE-HISTORY O O O O O O O B-DET-NONE-NONE-MAIN O B-DET-NONE-NONE-MAIN O O O B-DET-NONE-NONE-MAIN I-DET-NONE-NONE-MAIN O O O B-AREA-NONE-NONE-CITY O O O O 
O O 
B-TRSP-NONE-NONE-MAIN I-TRSP-NONE-NONE-MAIN I-TRSP-NONE-NONE-MAIN O 
O 
O 
O O B-TRSP-NONE-NONE-MAIN I-TRSP-NONE-NONE-MAIN O 
O 
O O O O O O O O O O O O O O 
O 
O O 
O 
O O 
O 
O O O O O B-LOC-NONE-NONE-CULTURAL 
B-TIME-NONE-NONE-DATE 
O 
O 
O 
O O O 
O 
O O O O O O O B-LOC-NONE-NONE-CULTURAL O 
O O 
O 
O O O 
O O O O O 
O O O 
O O O 
O O 
O 
O 
O 
O 
B-FEE-NONE-NONE-MAIN 
O O O 
O O O O B-DET-NONE-NONE-EVENT O O O O B-DET-NONE-NONE-EVENT I-DET-NONE-NONE-EVENT 
O O O O O O 
O O 
O O O O O O 
O O 
O O O O O O B-AREA-TO-NONE-CITY O O B-TIME-NONE-NONE-DATE I-TIME-NONE-NONE-DATE I-TIME-NONE-NONE-DATE I-TIME-NONE-NONE-DATE I-TIME-NONE-NONE-DATE 
O 
O O O O O O O O B-DET-NONE-NONE-VIEW I-DET-NONE-NONE-VIEW I-DET-NONE-NONE-VIEW I-DET-NONE-NONE-VIEW I-DET-NONE-NONE-VIEW O O O 
O O O O O O O O B-LOC-NONE-NONE-HOTEL O O O O O O O O O O O 
O 
O 
O O O O O O O 
O 
O 
O 
O O O O O O O O O O O O O O O O O O O O O O O O O O O 
O 
O 
O 
O O O O O O O O O O O O O 
O 
O O O O O O 
O 
O B-LOC-NONE-NONE-HOTEL I-LOC-NONE-NONE-HOTEL 
O 
O O O 
O 
O O O O O O O O O O O O O O O O O O O O O O O O O O O O O O O 
O 
O O O O O 
O O O O O O O O O O O O O O O O B-AREA-NONE-NONE-CITY 
O O O 
O 
O O O 
O O O O O O O B-AREA-TO-NONE-CITY O O B-TIME-NONE-NONE-DATE 
O O O 
O O 
O O O O O O O O 
O O O O O O O O O O 
O O 
O 
O 
O 
O O O O O O O O O O O O B-LOC-NONE-NONE-RESTAURANT 
O 
O O 
O O 
O 
O O O 
O O O O 
O 
O O B-LOC-NONE-NONE-ATTRACTION I-LOC-NONE-NONE-ATTRACTION O O O O O O O O O 
O 
O 
O O 
O 
O 
O O O 
O O 
O O O O O O O B-AREA-NONE-NONE-CITY O O O B-TIME-NONE-NONE-MAIN I-TIME-NONE-NONE-MAIN 
O O O O O O O O O O O O B-LOC-TO-NONE-ATTRACTION I-LOC-TO-NONE-ATTRACTION 
O O O O O O O O O O O O O O O O 
O O O O O O O O O O 
O O 
O 
O 
O 
O O O O B-TRSP-NONE-NONE-MAIN I-TRSP-NONE-NONE-MAIN B-TRSP-NONE-NONE-MAIN I-TRSP-NONE-NONE-MAIN I-TRSP-NONE-NONE-MAIN I-TRSP-NONE-NONE-MAIN O 
O O O O O O O 
O O 
O O O B-FEE-NONE-NONE-SERVICES I-FEE-NONE-NONE-SERVICES 
O 
B-FEE-NONE-NONE-MAIN I-FEE-NONE-NONE-MAIN 
O 
O O O O O O O O O O 
O 
O 
O O O O O B-LOC-TO-NONE-ATTRACTION I-LOC-TO-NONE-ATTRACTION O O O O O O O O B-FOOD-NONE-NONE-MAIN O O O O B-LOC-TO-NONE-ATTRACTION I-LOC-TO-NONE-ATTRACTION O 
O O 
O O O O O O O O O O O O O 
O O O O B-FOOD-NONE-NONE-MAIN O O O O O 
O O O O O O O O O 
B-FOOD-NONE-NONE-MAIN I-FOOD-NONE-NONE-MAIN 
O B-LOC-NONE-NONE-ATTRACTION I-LOC-NONE-NONE-ATTRACTION 
O 
O O O O O O 
O O O O O O O O O O O 
O O O O O 
O O O O O 
O 
O B-LOC-NONE-NONE-ATTRACTION I-LOC-NONE-NONE-ATTRACTION O O O 
O 
O O B-DET-NONE-NONE-VIEW O O B-LOC-NONE-NONE-HOTEL 
O O O O O 
O O O O O B-FOOD-NONE-NONE-MAIN O O B-LOC-NONE-NONE-HOTEL 
O 
B-LOC-NONE-NONE-RESTAURANT I-LOC-NONE-NONE-RESTAURANT 
O O O O O O O O O O O O O O 
O O O O O O O O O O 
O 
O O O O 
O O O O O O O 
O O O 
O O O O B-LOC-NONE-NONE-WATERSIDE O O B-DET-NONE-NONE-MAIN I-DET-NONE-NONE-MAIN I-DET-NONE-NONE-MAIN 
O 
O 
O 
O 
O O O O 
O 
O O 
O 
B-LOC-NONE-NONE-MAIN I-LOC-NONE-NONE-MAIN 
O O O O 
O O O 
O 
O O O O O B-TIME-NONE-NONE-MAIN I-TIME-NONE-NONE-MAIN O O O O B-LOC-NONE-NONE-RESTAURANT O B-LOC-NONE-NONE-MAIN O O O O O 
O O O O O B-FOOD-NONE-NONE-MAIN I-FOOD-NONE-NONE-MAIN B-AREA-FROM-NONE-CITY O 
O 
B-FEE-NONE-NONE-PRODUCTS I-FEE-NONE-NONE-PRODUCTS 
O O O O 
O 
O 
O 
O 
O O O O O B-LOC-NONE-NONE-WATERSIDE I-LOC-NONE-NONE-WATERSIDE B-LOC-NONE-NONE-ATTRACTION O 
O 
O 
O O 
O O 
O B-TIME-NONE-NONE-DATE O 
O B-TIME-NONE-NONE-DATE I-TIME-NONE-NONE-DATE 
O O O O B-AREA-NONE-NONE-CITY O B-TIME-NONE-NONE-DATE I-TIME-NONE-NONE-DATE 
O O 
O O O 
O O B-DET-NONE-NONE-PRICE I-DET-NONE-NONE-PRICE 
B-LOC-NONE-NONE-WATERSIDE I-LOC-NONE-NONE-WATERSIDE 
O O O O O O O O B-TIME-NONE-NONE-DATE I-TIME-NONE-NONE-DATE O 
O O O O O O O O O B-LOC-NONE-NONE-SHOP O B-DET-NONE-NONE-MAIN I-DET-NONE-NONE-MAIN B-DET-NONE-NONE-PRICE I-DET-NONE-NONE-PRICE O O O O B-AREA-TO-NONE-CITY O O 
O O O O O 
O O 
O 
B-LOC-NONE-NONE-SHOP I-LOC-NONE-NONE-SHOP 
O O O O O B-TIME-NONE-NONE-DATE I-TIME-NONE-NONE-DATE 
O O O O O B-TIME-NONE-NONE-INTERVAL I-TIME-NONE-NONE-INTERVAL O 
B-TIME-NONE-NONE-INTERVAL I-TIME-NONE-NONE-INTERVAL 
O O O 
O O O 
O 
O O 
O 
O O 
O O O O 
O O O O O O O O O O O O O O O O O O O O O O O B-DET-NONE-NONE-MAIN O O O O O O O O O O O O B-LOC-NONE-NONE-MAIN O O O O B-LOC-NONE-NONE-MAIN O B-AREA-NONE-NONE-CITY O O O O O 
O O 
O O O 
O O O O O O O O B-TRSP-NONE-NONE-STATION I-TRSP-NONE-NONE-STATION 
O O 
O O O O O O O O O O O O O B-FEE-NONE-NONE-ATTRACTION I-FEE-NONE-NONE-ATTRACTION O B-LOC-NONE-NONE-ATTRACTION I-LOC-NONE-NONE-ATTRACTION O 
O O 
O O O 
O 
B-LOC-NONE-NONE-MAIN I-LOC-NONE-NONE-MAIN 
O O O 
O O O O O O B-LOC-NONE-NONE-MAIN 
O 
O O O O O O O O O B-LOC-TO-NONE-SHOP I-LOC-TO-NONE-SHOP I-LOC-TO-NONE-SHOP 
O 
O 
O O O O O O O O O O B-LOC-NONE-NONE-ATTRACTION I-LOC-NONE-NONE-ATTRACTION 
O O O O O 
O 
O O O O B-LOC-NONE-NONE-ATTRACTION I-LOC-NONE-NONE-ATTRACTION O O O O O O O O O O O 
O 
O 
O O O 
O 
O O O O O O O 
O 
O O 
O 
O 
O O O O O O O O O B-LOC-NONE-NONE-SHOP I-LOC-NONE-NONE-SHOP B-LOC-NONE-NONE-SHOP I-LOC-NONE-NONE-SHOP O 
O O O O O O O O O O 
O O O O O 
O O O O B-DET-NONE-NONE-PRICE I-DET-NONE-NONE-PRICE O O O O O O O O O O B-LOC-NONE-NONE-SHOP I-LOC-NONE-NONE-SHOP O O O O O O 
O O 
O O O 
O O O O O O O O 
O O O B-LOC-NONE-NONE-ROAD I-LOC-NONE-NONE-ROAD I-LOC-NONE-NONE-ROAD I-LOC-NONE-NONE-ROAD 
O O O B-LOC-NONE-NONE-HOTEL I-LOC-NONE-NONE-HOTEL O O O O O 
O O O O O O 
O O O O 
O O O O O O O O O O O O 
O O B-LOC-NONE-NONE-SHOP I-LOC-NONE-NONE-SHOP O O O B-DET-NONE-NONE-MAIN I-DET-NONE-NONE-MAIN O O 
O O 
O O O O O O O O O O B-LOC-NONE-NONE-ATTRACTION O O O 
O B-FEE-NONE-NONE-ATTRACTION I-FEE-NONE-NONE-ATTRACTION O O O O O O O O O 
O 
O O O B-LOC-NONE-NONE-TEMPLE O O O O B-DET-NONE-NONE-STROLL I-DET-NONE-NONE-STROLL I-DET-NONE-NONE-STROLL I-DET-NONE-NONE-STROLL I-DET-NONE-NONE-STROLL I-DET-NONE-NONE-STROLL O 
O O B-TIME-NONE-NONE-MAIN 
O O O O O O O O O O O O O O O O B-LOC-NONE-NONE-SHOP I-LOC-NONE-NONE-SHOP 
O O O O O 
O O 
O O 
O O O O O O B-WEATHER-NONE-NONE-MAIN O O 
O O O O O O B-WEATHER-NONE-NONE-MAIN O O 
O O O O O O O O O 
O O 
O O O O O O 
O O O O B-LOC-NONE-NONE-MAIN I-LOC-NONE-NONE-MAIN I-LOC-NONE-NONE-MAIN I-LOC-NONE-NONE-MAIN 
O O O O 
O O 
O 
O O O O O O O O O B-TRSP-NONE-NONE-TYPE 
O O O 
O O B-LOC-NONE-NONE-MAIN I-LOC-NONE-NONE-MAIN I-LOC-NONE-NONE-MAIN I-LOC-NONE-NONE-MAIN 
O O O O O O O O 
O O O 
O O 
O O B-DET-NONE-NONE-NATURE I-DET-NONE-NONE-NATURE O 
B-TRSP-NONE-NONE-STATION 
O 
O O O O O O O O O O O O O O 
O O 
O 
O O O O O O O O O O O B-AREA-NONE-NONE-CITY O O O O O O O O O O O 
O O 
O 
O O O O 
O O O O B-DET-NONE-NONE-BUILDING O O 
O O O O O O O O O O 
O O O O O O O O O O B-DET-NONE-NONE-BELIEF O 
O 
O O O O O O O O O O O O 
O 
B-LOC-NONE-NONE-ATTRACTION I-LOC-NONE-NONE-ATTRACTION O 
O 
O 
O O O O O 
O O O O 
O 
O 
O O O B-DET-NONE-NONE-MAIN I-DET-NONE-NONE-MAIN 
O O O O O 
O O 
O O O B-AREA-NONE-NONE-CITY O O B-AREA-NONE-NONE-COUNTRY B-AREA-NONE-NONE-COUNTRY B-AREA-NONE-NONE-COUNTRY 
O O O O O O O O O O O 
O 
O O O O 
O 
O O O O O O O O O O B-LOC-NONE-NONE-CULTURAL O O O O 
O O 
O 
B-FOOD-NONE-NONE-MAIN I-FOOD-NONE-NONE-MAIN I-FOOD-NONE-NONE-MAIN 
O O O O B-DET-NONE-NONE-MAIN I-DET-NONE-NONE-MAIN B-AREA-NONE-NONE-CITY O 
O 
O O O 
O B-LOC-NONE-NONE-MAIN I-LOC-NONE-NONE-MAIN O B-LOC-TO-NEAR-CULTURAL I-LOC-TO-NEAR-CULTURAL O O O O B-LOC-NONE-NONE-MAIN O B-LOC-FROM-NONE-MAIN I-LOC-FROM-NONE-MAIN O O 
O 
O O 
O 
O 
O 
O 
O B-LOC-NONE-NONE-HOTEL I-LOC-NONE-NONE-HOTEL O O O B-FEE-NONE-NONE-MAIN I-FEE-NONE-NONE-MAIN I-FEE-NONE-NONE-MAIN I-FEE-NONE-NONE-MAIN O O O O O O O 
O B-LOC-NONE-NONE-HOTEL I-LOC-NONE-NONE-HOTEL B-AREA-NONE-NONE-CITY O O O O O B-LOC-NONE-NONE-HOTEL I-LOC-NONE-NONE-HOTEL B-AREA-NONE-NONE-CITY O O O O O O O B-LOC-NONE-NONE-ROAD I-LOC-NONE-NONE-ROAD O O O O O 
O 
O 
O 
O O O O O O O O 
O O O O O O O B-LOC-NONE-NONE-TEMPLE 
O 
O O 
O 
O O O B-LOC-NONE-NONE-CULTURAL I-LOC-NONE-NONE-CULTURAL 
O O 
O 
O O O O B-TIME-NONE-NONE-INTERVAL 
O 
O O O O O O O O 
O O O 
O 
O O O O O B-LOC-NONE-NONE-HOTEL O O O O O O O O 
O O O O O B-DET-NONE-NONE-PRICE I-DET-NONE-NONE-PRICE I-DET-NONE-NONE-PRICE I-DET-NONE-NONE-PRICE O O O B-AREA-NONE-NONE-CITY O O O O O O B-FOOD-NONE-NONE-MAIN I-FOOD-NONE-NONE-MAIN O O O O O 
O O O B-FOOD-NONE-NONE-MAIN I-FOOD-NONE-NONE-MAIN I-FOOD-NONE-NONE-MAIN I-FOOD-NONE-NONE-MAIN 
O 
O O 
O O O 
O 
O O 
O O 
O 
O 
O O 
O 
O 
O O O B-DET-NONE-NONE-MAIN O O O O O B-DET-NONE-NONE-STROLL I-DET-NONE-NONE-STROLL 
O O 
O 
O B-LOC-NONE-NONE-ATTRACTION O O B-LOC-NONE-FAR-HOTEL I-LOC-NONE-FAR-HOTEL 
O O O O B-LOC-TO-NONE-ATTRACTION O O O O O O O B-TIME-NONE-NONE-MAIN I-TIME-NONE-NONE-MAIN O O O O O O O O B-TIME-NONE-NONE-MAIN I-TIME-NONE-NONE-MAIN O O O O O O O O 
O O O 
O 
O B-LOC-NONE-NONE-ATTRACTION I-LOC-NONE-NONE-ATTRACTION O B-LOC-NONE-NONE-ATTRACTION I-LOC-NONE-NONE-ATTRACTION O 
O O O 
O O O O 
B-FOOD-NONE-NONE-MAIN 
O O 
O O B-LOC-NONE-NONE-RESTAURANT I-LOC-NONE-NONE-RESTAURANT 
O O O O B-FOOD-NONE-NONE-MAIN I-FOOD-NONE-NONE-MAIN B-AREA-NONE-NONE-CITY O 
O O O O O O O O O B-LOC-NONE-NONE-MAIN I-LOC-NONE-NONE-MAIN 
O O O 
O 
O O 
O O O O 
O O O O O B-AREA-TO-NONE-CITY O O O 
O O O O O 
O O O O O 
O O O O O O O O O B-AREA-TO-NONE-CITY O O O O O 
O O O O O O O O O O O 
O O B-LOC-NONE-NONE-ATTRACTION I-LOC-NONE-NONE-ATTRACTION O B-AREA-NONE-NONE-CITY O 
O O O O O O O O O O B-LOC-TO-NONE-ATTRACTION I-LOC-TO-NONE-ATTRACTION 
O O O O O O O O O O B-AREA-TO-NONE-CITY 
O O O 
O O O O O O O O O O O O O O O 
O O O O O O O O O O O O O O O 
O 
O O O O B-DET-NONE-NONE-MAIN O O 
O O O O O O O O 
B-FEE-NONE-NONE-MAIN I-FEE-NONE-NONE-MAIN 
O O 
O 
O 
O 
O B-TRSP-NONE-NONE-TYPE O O O B-TRSP-NONE-NONE-TYPE O 
O O O O B-LOC-NONE-NONE-ATTRACTION I-LOC-NONE-NONE-ATTRACTION O 
O 
O O O O 
O O O O O 
O B-LOC-NONE-NONE-ROAD I-LOC-NONE-NONE-ROAD O O O O 
O O O O O O O O O O O O O O O O O O O B-FOOD-NONE-NONE-MAIN O O O O O 
O O 
O O O 
O O O O O O O 
O O O O 
O O B-DET-NONE-NONE-MAIN I-DET-NONE-NONE-MAIN 
O 
O O O O O 
O O O O O O 
B-DET-NONE-NONE-MAIN I-DET-NONE-NONE-MAIN O B-DET-NONE-NONE-MAIN I-DET-NONE-NONE-MAIN O 
O 
O 
O O O O O 
O O O O O O O O O O O B-DET-NONE-NONE-MAIN 
O O O O O O O B-LOC-NONE-NONE-ATTRACTION 
O O O O O O O 
O O O 
O 
O O O O O B-LOC-TO-NONE-ATTRACTION I-LOC-TO-NONE-ATTRACTION 
O O O O O O 
O 
O O O O O O O 
O O O O 
O O O O O O O O O 
O O O O O O O 
O O O O O O O B-AREA-NONE-NONE-CITY 
O O O O O O O B-AREA-NONE-NONE-CITY 
O 
O O O B-FOOD-NONE-NONE-MAIN 
O O O B-FOOD-NONE-NONE-MAIN I-FOOD-NONE-NONE-MAIN I-FOOD-NONE-NONE-MAIN 
O O O O O O O O O O O O O O O O O O O O O B-LOC-TO-NONE-ROAD O O O 
O O O O O O O 
O O O O O O O O O O O O O O O O O O O O 
O 
O O O O O O 
O O O O 
O 
O O O O 
O 
O 
O O O O 
O 
O O O O 
O B-FEE-NONE-NONE-MAIN I-FEE-NONE-NONE-MAIN B-FEE-NONE-NONE-MAIN I-FEE-NONE-NONE-MAIN I-FEE-NONE-NONE-MAIN O O O O O 
O 
B-TIME-NONE-NONE-DATE I-TIME-NONE-NONE-DATE I-TIME-NONE-NONE-DATE O O 
O O 
B-TIME-NONE-NONE-DATE O O O O O B-LOC-TO-NONE-WATERSIDE I-LOC-TO-NONE-WATERSIDE O B-TIME-NONE-NONE-DATE O O 
O O O O O O O B-LOC-NONE-NONE-HOTEL O O B-LOC-NONE-NONE-ATTRACTION I-LOC-NONE-NONE-ATTRACTION I-LOC-NONE-NONE-ATTRACTION 
O O O 
O O O O B-LOC-NONE-NONE-WATERSIDE I-LOC-NONE-NONE-WATERSIDE O O 
O 
O O O O B-TIME-NONE-NONE-DATE 
O 
O O O O O O O O O O O O B-LOC-NONE-NONE-ROAD I-LOC-NONE-NONE-ROAD O O 
O O 
O 
O O B-DET-NONE-NONE-MAIN I-DET-NONE-NONE-MAIN I-DET-NONE-NONE-MAIN O O 
O O 
O O O O O O 
O B-FEE-NONE-NONE-PRODUCTS I-FEE-NONE-NONE-PRODUCTS O O 
O B-FEE-NONE-NONE-PRODUCTS I-FEE-NONE-NONE-PRODUCTS O O 
O O O 
O O O O O O O B-AREA-TO-NONE-COUNTRY O O O B-TIME-NONE-NONE-INTERVAL I-TIME-NONE-NONE-INTERVAL O 
O O O O O O O B-AREA-NONE-NONE-CITY O O O O O O O O 
O O O 
O O O O O O O O O O O O O O B-LOC-NONE-NONE-ATTRACTION O O O O B-AREA-NONE-NONE-CITY O O 
O O 
O O O O 
O O 
O 
O O O O O O O O O O O O O O O O O B-AREA-NONE-NONE-CITY 
O O O 
O O O O O O B-TIME-NONE-NONE-INTERVAL I-TIME-NONE-NONE-INTERVAL 
O O O O 
O O O O O O O O 
O O O O B-DET-NONE-NONE-MAIN I-DET-NONE-NONE-MAIN I-DET-NONE-NONE-MAIN I-DET-NONE-NONE-MAIN I-DET-NONE-NONE-MAIN O O O O B-DET-NONE-NONE-MAIN I-DET-NONE-NONE-MAIN I-DET-NONE-NONE-MAIN I-DET-NONE-NONE-MAIN O O O O O O O O O O O O O O O O O O O O O 
O 
O O 
O 
B-DET-NONE-NONE-MAIN O O O O 
O O O O O O O O B-LOC-NONE-NONE-HOTEL 
O O O O O 
O O 
O O 
O O O O O O O 
O O O O O 
O 
O O O O O O O O O O B-LOC-TO-NONE-HOTEL I-LOC-TO-NONE-HOTEL O O O O O O B-AREA-NONE-NONE-CITY I-AREA-NONE-NONE-CITY O O O O O O 
O O O O 
O 
O O O O O B-FOOD-NONE-NONE-MAIN I-FOOD-NONE-NONE-MAIN B-AREA-NONE-NONE-CITY O 
O O O 
O O B-LOC-NONE-NEAR-HOTEL O 
O 
O 
O O O O 
O O O O 
O O B-LOC-NONE-NONE-SHOP I-LOC-NONE-NONE-SHOP 
O O 
O O O O B-LOC-NONE-NONE-MAIN 
O O 
O O O O O O O B-DET-NONE-NONE-MAIN O B-DET-NONE-NONE-MAIN O B-DET-NONE-NONE-MAIN 
O O O O O O O O B-FEE-NONE-NONE-PRODUCTS I-FEE-NONE-NONE-PRODUCTS I-FEE-NONE-NONE-PRODUCTS 
O O O O O O 
O B-DET-NONE-NONE-EVENT O 
O B-DET-NONE-NONE-EVENT O 
O B-LOC-NONE-NONE-ATTRACTION O O 
O O O B-TIME-NONE-NONE-MAIN 
O O O B-LOC-NONE-NONE-HOTEL 
O O B-LOC-NONE-NONE-HOTEL O O O O O 
O O O O O O 
O O O O O O O O O O O O O O O O 
O O O O 
O O O O O O O O 
O O O B-FEE-NONE-NONE-MAIN I-FEE-NONE-NONE-MAIN I-FEE-NONE-NONE-MAIN I-FEE-NONE-NONE-MAIN O O O 
O O O O O O 
O O O O B-TIME-NONE-NONE-DATE I-TIME-NONE-NONE-DATE I-TIME-NONE-NONE-DATE 
O O O 
O O O O O O O O O O O O O B-FEE-NONE-NONE-MAIN I-FEE-NONE-NONE-MAIN I-FEE-NONE-NONE-MAIN I-FEE-NONE-NONE-MAIN O O O 
O O 
O O O O O O O B-AREA-NONE-NONE-CITY O O B-TIME-NONE-NONE-INTERVAL I-TIME-NONE-NONE-INTERVAL I-TIME-NONE-NONE-INTERVAL O O O O O 
O O O O O O O O O O O 
O 
O O B-LOC-NONE-NONE-ATTRACTION I-LOC-NONE-NONE-ATTRACTION O 
O O B-DET-NONE-NONE-PRICE 
O O B-TIME-NONE-NONE-MAIN I-TIME-NONE-NONE-MAIN O O B-LOC-NONE-NONE-ATTRACTION I-LOC-NONE-NONE-ATTRACTION I-LOC-NONE-NONE-ATTRACTION B-TIME-NONE-NONE-MAIN I-TIME-NONE-NONE-MAIN O O O 
O B-LOC-NONE-NONE-WATERSIDE O B-AREA-NONE-NONE-CITY 
O O 
O 
O 
O O O O O O O B-AREA-NONE-NONE-COUNTRY I-AREA-NONE-NONE-COUNTRY O O O O O O O O 
O O O O O O O 
O O 
O O O O O O O O O 
O O 
O B-TIME-NONE-NONE-MAIN I-TIME-NONE-NONE-MAIN O 
O O O O O O 
O 
O O B-AREA-NONE-NONE-COUNTRY I-AREA-NONE-NONE-COUNTRY 
O 
O O O O O O O O O O O O O O O O O O O O O B-FOOD-NONE-NONE-MAIN I-FOOD-NONE-NONE-MAIN B-FOOD-NONE-NONE-MAIN I-FOOD-NONE-NONE-MAIN O 
O O O O O O O O O O 
O O O O O 
O O O 
O O O O O B-TRSP-NONE-NONE-TYPE B-FEE-NONE-NONE-SERVICES 
O O O 
O O O O O O O O O O 
O 
O O O B-LOC-NONE-NONE-ATTRACTION I-LOC-NONE-NONE-ATTRACTION O B-DET-NONE-NONE-PRICE I-DET-NONE-NONE-PRICE I-DET-NONE-NONE-PRICE I-DET-NONE-NONE-PRICE O 
O O O O O O O O O O O O 
O O O O O O B-LOC-TO-NONE-AIRPORT I-LOC-TO-NONE-AIRPORT B-TIME-NONE-AFTER-INTERVAL I-TIME-NONE-AFTER-INTERVAL O O 
O 
O O O O O O B-AREA-NONE-NONE-CITY 
O O O O B-FEE-NONE-NONE-SERVICES I-FEE-NONE-NONE-SERVICES I-FEE-NONE-NONE-SERVICES I-FEE-NONE-NONE-SERVICES I-FEE-NONE-NONE-SERVICES O O 
O O O O O O O B-LOC-NONE-NONE-MAIN I-LOC-NONE-NONE-MAIN B-DET-NONE-NONE-STROLL I-DET-NONE-NONE-STROLL I-DET-NONE-NONE-STROLL I-DET-NONE-NONE-STROLL B-DET-NONE-NONE-VIEW I-DET-NONE-NONE-VIEW I-DET-NONE-NONE-VIEW I-DET-NONE-NONE-VIEW I-DET-NONE-NONE-VIEW O O O O O O O 
O O O O O O B-LOC-NONE-NONE-HOTEL I-LOC-NONE-NONE-HOTEL I-LOC-NONE-NONE-HOTEL 
B-FOOD-NONE-NONE-MAIN I-FOOD-NONE-NONE-MAIN I-FOOD-NONE-NONE-MAIN O O O O O O O O O 
B-FOOD-NONE-NONE-MAIN I-FOOD-NONE-NONE-MAIN 
O O O O B-FOOD-NONE-NONE-MAIN I-FOOD-NONE-NONE-MAIN O B-FOOD-NONE-NONE-MAIN I-FOOD-NONE-NONE-MAIN O O O 
O 
O O O O O B-LOC-NONE-NONE-WATERSIDE I-LOC-NONE-NONE-WATERSIDE O O O O O O O O O O B-LOC-FROM-NONE-WATERSIDE I-LOC-FROM-NONE-WATERSIDE O O 
O O B-TIME-NONE-NONE-INTERVAL O 
O O O O O O O O O B-DET-NONE-NONE-NATURE I-DET-NONE-NONE-NATURE 
O O O O O O O 
O O O O B-TIME-NONE-NONE-INTERVAL O O O O B-AREA-TO-NONE-CITY O O O O O O O O O O 
O O O O O O O O O O O O O O O O O O O O O O O O O O O O B-AREA-TO-NONE-CITY O O O O 
O 
O O 
O O O O O O O O O O O O O O O O O O O O B-AREA-FROM-NONE-CITY O O O B-TIME-NONE-NONE-INTERVAL O O O O O O O O O O 
O 
O O O O O O O O B-TIME-NONE-NONE-MAIN 
O O O O O O O O O O O O O B-DET-NONE-NONE-MAIN B-AREA-NONE-NONE-CITY 
O O O 
O O O O O O O O O B-FEE-NONE-NONE-SERVICES I-FEE-NONE-NONE-SERVICES O O 
O O 
O O O O O O O O O O O O O 
O O O O O O O O O O O O O O O O B-AREA-NONE-NONE-CITY 
O O O 
O O O O O O O O O O 
O 
O O 
O 
O O O 
O 
O O O O O O O O O O 
O O O O O O O O O O O O B-LOC-NONE-NONE-ATTRACTION I-LOC-NONE-NONE-ATTRACTION 
O 
O O 
O O O O O O O O O O O 
O 
O 
O O O 
O O O O O O O O B-TIME-NONE-NONE-DATE I-TIME-NONE-NONE-DATE O O O 
O O O O 
O O 
O O O 
O O O 
O O O O O 
O O O O O O O O O O O O O O O O O O O O O O O O O 
O O O 
O 
O O O O O O B-DET-NONE-NONE-VIEW O O O O B-FOOD-NONE-NONE-MAIN O O 
O O O O O O O O O O O B-FOOD-NONE-NONE-MAIN I-FOOD-NONE-NONE-MAIN 
O O O O O O O O O O O B-FOOD-NONE-NONE-MAIN I-FOOD-NONE-NONE-MAIN 
O O O O O O O O 
O O O B-DET-NONE-NONE-PRICE O O O O O O O 
O 
O O O 
O O 
O 
O O O O O O O O O O O O O B-LOC-TO-NONE-GARDEN O O O O B-TIME-NONE-NONE-DATE I-TIME-NONE-NONE-DATE O O O B-TIME-NONE-NONE-DATE I-TIME-NONE-NONE-DATE I-TIME-NONE-NONE-DATE B-LOC-NONE-NONE-GARDEN O O O O B-DET-NONE-NONE-MAIN I-DET-NONE-NONE-MAIN I-DET-NONE-NONE-MAIN O O O 
O O O O O O O O O O O O O O O O O O O O O O O O 
O O 
O 
O O B-TIME-NONE-NONE-INTERVAL I-TIME-NONE-NONE-INTERVAL O 
O 
O O O 
O O O O O O O O O O O O B-LOC-NONE-NONE-ATTRACTION I-LOC-NONE-NONE-ATTRACTION I-LOC-NONE-NONE-ATTRACTION O O O O O O O O O O O O O O B-DET-NONE-NONE-MAIN I-DET-NONE-NONE-MAIN I-DET-NONE-NONE-MAIN O O O O O 
O O O 
O O O O O O O 
O O O O O O O O O O B-LOC-TO-NONE-ATTRACTION I-LOC-TO-NONE-ATTRACTION 
O O 
O O O O O O 
O O 
O O O O O O B-DET-NONE-NONE-HISTORY I-DET-NONE-NONE-HISTORY O O O O O O O 
O O O O O O O O O O B-TRSP-TO-NONE-TYPE 
O O O 
O O O O O O O O O O 
O O 
O O 
O O O O O O O O O O 
O O O O O O O 
O O 
O O 
O O O 
B-LOC-NONE-NONE-WATERSIDE I-LOC-NONE-NONE-WATERSIDE 
O O O O 
O O O 
O O O O O O O O O O O 
O 
O O O O 
O 
O O O O O O O B-LOC-NONE-NONE-ATTRACTION I-LOC-NONE-NONE-ATTRACTION 
O O O 
O O 
O B-LOC-NONE-NONE-HOTEL O O O O 
O O O 
O 
B-TIME-NONE-NONE-INTERVAL 
O O O O O O O O O O O O O O O O O B-LOC-NONE-NONE-ATTRACTION I-LOC-NONE-NONE-ATTRACTION 
O 
O O 
O O O O O O O O O O B-DET-NONE-NONE-EVENT I-DET-NONE-NONE-EVENT O 
O O O O O O O O O O B-LOC-TO-NONE-HOTEL I-LOC-TO-NONE-HOTEL 
O O O O O O O 
O O O O O O O O O O O O O O O O O O O O O O O O O 
O 
O O O O O O O O O O O O O O O O O O O O O 
O 
O 
O O 
O O O O O B-FOOD-NONE-NONE-MAIN I-FOOD-NONE-NONE-MAIN I-FOOD-NONE-NONE-MAIN O O O O O O 
O O O 
O B-DET-NONE-NONE-PRICE I-DET-NONE-NONE-PRICE 
O O O O B-FOOD-NONE-NONE-MAIN O B-AREA-NONE-NONE-CITY O O O O O O O O O O O O O O O O O O 
B-FOOD-NONE-NONE-MAIN 
O 
O O 
O O O O O 
O 
O O O O O O O O O O O O B-LOC-FROM-NONE-AIRPORT I-LOC-FROM-NONE-AIRPORT O O O O 
O O 
O O O O O 
O O O O O O O O O O O O O B-DET-NONE-NONE-MAIN I-DET-NONE-NONE-MAIN 
O O O O O O O O O O O O O B-DET-NONE-NONE-MAIN I-DET-NONE-NONE-MAIN 
O O B-DET-NONE-NONE-PRICE O O 
O O O O O O O 
O O O O O 
O O O O B-TIME-NONE-NONE-INTERVAL I-TIME-NONE-NONE-INTERVAL 
O B-TIME-NONE-NONE-INTERVAL I-TIME-NONE-NONE-INTERVAL O O 
O O O O B-LOC-FROM-NONE-CULTURAL 
O O O O O O 
O O O O O O B-AREA-NONE-NONE-CITY O O B-LOC-NONE-NONE-ATTRACTION I-LOC-NONE-NONE-ATTRACTION O 
O O 
O O O 
O O O O O O O O O O O O O O O O O O 
O O O O O O O O 
O 
O 
O O O O O 
O O O O O O O O O B-DET-NONE-NONE-MAIN I-DET-NONE-NONE-MAIN I-DET-NONE-NONE-MAIN 
O 
O 
O O O O O O B-LOC-NONE-NONE-ATTRACTION I-LOC-NONE-NONE-ATTRACTION O O O O O 
O O O O O O O O O O B-TIME-NONE-NONE-INTERVAL I-TIME-NONE-NONE-INTERVAL I-TIME-NONE-NONE-INTERVAL I-TIME-NONE-NONE-INTERVAL O 
O O O O O O O O O O O O O O O O O B-AREA-NONE-NONE-CITY 
O O O O B-LOC-NONE-NEAR-WATERSIDE O B-LOC-NONE-NONE-HOTEL O O O O B-LOC-NONE-NEAR-WATERSIDE 
O O O O O O B-LOC-NONE-NONE-ATTRACTION 
O O 
B-LOC-NONE-NONE-MAIN B-LOC-NONE-NONE-MAIN 
O O O O O 
O O O O O O O O O O O O 
O O O O O O O B-FOOD-NONE-NONE-MAIN O 
O B-TIME-NONE-NONE-INTERVAL O O O B-TIME-NONE-NONE-INTERVAL 
O O O O 
O O O O 
O 
O 
O O O O O B-LOC-NONE-NONE-ATTRACTION I-LOC-NONE-NONE-ATTRACTION O O 
B-LOC-NONE-NONE-ATTRACTION I-LOC-NONE-NONE-ATTRACTION I-LOC-NONE-NONE-ATTRACTION B-LOC-NONE-NONE-ATTRACTION I-LOC-NONE-NONE-ATTRACTION I-LOC-NONE-NONE-ATTRACTION B-LOC-NONE-NONE-ATTRACTION O O O O O O O O O O O O O 
O O O B-TRSP-NONE-NONE-TYPE O O 
O O 
O 
O O 
O 
O O O O O O 
O O B-LOC-NONE-NONE-SHOP 
O O O O O O O 
O O 
O O O O O O 
O O O O O O O O O O O O 
O O O O O O O O B-LOC-FROM-NONE-HOTEL I-LOC-FROM-NONE-HOTEL O B-LOC-TO-NONE-ATTRACTION I-LOC-TO-NONE-ATTRACTION O O O O 
O O O O 
O 
O O O 
O O 
O 
O O O O O O 
O O O O O O 
B-LOC-NONE-NONE-SHOP I-LOC-NONE-NONE-SHOP I-LOC-NONE-NONE-SHOP 
O O O O O O 
O 
O 
O O O O O O O O O O O O O O O O O O O O O O O O O O O O O O O O O O O O O O O O O 
O O 
O O O B-FOOD-NONE-NONE-MAIN 
O 
O O O O 
O 
O 
O O O O O O O O O B-FEE-NONE-NONE-MAIN I-FEE-NONE-NONE-MAIN I-FEE-NONE-NONE-MAIN I-FEE-NONE-NONE-MAIN 
O O O O O 
O O O O O O 
O O O O O O O 
O 
O O O O O O O O O O O O 
O 
O 
O 
O 
O O 
O O O O O O O O O O B-FEE-NONE-NONE-MAIN I-FEE-NONE-NONE-MAIN I-FEE-NONE-NONE-MAIN I-FEE-NONE-NONE-MAIN O O O O B-LOC-NONE-NONE-HOTEL O O O O 
O 
O O O O O O 
O O O 
O O O O O O 
O O B-FEE-NONE-NONE-MAIN I-FEE-NONE-NONE-MAIN I-FEE-NONE-NONE-MAIN I-FEE-NONE-NONE-MAIN O B-TIME-NONE-NONE-INTERVAL I-TIME-NONE-NONE-INTERVAL O O O 
O O O O O O B-TIME-NONE-NONE-INTERVAL I-TIME-NONE-NONE-INTERVAL 
O O O O O O O O O O O O 
O 
O 
O O O O O O O B-FOOD-NONE-NONE-MAIN O O O O O O O O O O O O O B-AREA-NONE-NONE-CITY O O O 
O 
O 
O O O O O O 
O O O O B-LOC-NONE-NONE-WATERSIDE 
O 
O O O O O B-AREA-TO-NONE-CITY O O O O O O O O O O B-LOC-NONE-NONE-RESTAURANT O O O O O O O O B-AREA-NONE-NONE-CITY O O O O O O O O O O O O 
O 
O 
O O O O B-LOC-NONE-NONE-RESTAURANT O 
O 
O O O O O O O O O 
B-FEE-NONE-NONE-ATTRACTION I-FEE-NONE-NONE-ATTRACTION O O O O 
O O O O O 
O O O O O O O O B-TRSP-NONE-NONE-TYPE O O O O O O O O O 
O 
O 
O 
O O O 
O O O O O O O O B-AREA-TO-NONE-CITY O 
O O O O B-TIME-NONE-NONE-DATE 
O 
O O O O O O O O 
O O O O O O 
O O O O O O 
O O O O O O O O O O O B-DET-NONE-NONE-NATURE O O O O O O O O O 
O 
O O O O B-LOC-NONE-NONE-MAIN B-LOC-NONE-NONE-HOTEL 
O O O O O 
O O O O B-FEE-NONE-NONE-SERVICES I-FEE-NONE-NONE-SERVICES O O 
O O O O 
O 
O 
O O O O O O O O O O O O O 
O O O O O O O O O O O O O B-LOC-NONE-NONE-CULTURAL O O O O O O O 
O O O O O O O O O O O 
O O O O 
O O O O O O O O O O O O 
O 
O O O O O O O O O B-DET-NONE-NONE-NATURE O O O O O O 
O 
O O O O O O O O O O O O O O O O 
O O B-FEE-NONE-NONE-ATTRACTION I-FEE-NONE-NONE-ATTRACTION I-FEE-NONE-NONE-ATTRACTION O O O 
O O O O O 
O O O O 
O O O O O 
O 
O O O O O 
O 
O O O O O O O O O O O O O O O 
O O O 
O O O O O B-AREA-TO-NONE-CITY 
O 
O O O O O 
O O O O O B-AREA-NONE-NONE-CITY O O O O O O B-FOOD-NONE-NONE-MAIN I-FOOD-NONE-NONE-MAIN I-FOOD-NONE-NONE-MAIN 
O O O 
O O O O O O O B-LOC-NONE-NONE-SHOP I-LOC-NONE-NONE-SHOP O O O O O O O O O O O O O 
O O O O O O O O B-LOC-TO-NEAR-HOTEL 
O O O O O O O O O O O O O B-LOC-NONE-NONE-WATERSIDE O O O O 
O O O O O O O O O O O O B-LOC-NONE-NONE-ATTRACTION I-LOC-NONE-NONE-ATTRACTION 
O O O O O O O O O O O O B-LOC-NONE-NONE-ATTRACTION I-LOC-NONE-NONE-ATTRACTION 
O O O B-DET-NONE-NONE-MAIN 
O O O O O O O O O O O O O O O O 
O O O O B-TRSP-NONE-NONE-TYPE O O O O O O O 
O 
O O O O O O O O O O O O O O O O O O O O 
O O O O O O O O O O O O O O O O O O O O 
O O O O O O O O O O O O O 
O O 
O O O O O O O O B-LOC-FROM-NONE-ATTRACTION I-LOC-FROM-NONE-ATTRACTION O O O O 
O O O O O O O 
O O O O O O O 
O O O O 
O O O O O O O O O O O O O O O O O O O O O O O 
O 
O 
O O O O O O O O O O O O 
O 
O 
O O O O O 
O 
O O O 
O O O O O 
O O O O O 
O O O O O O B-TIME-NONE-NONE-INTERVAL I-TIME-NONE-NONE-INTERVAL O 
O O 
O 
O O O O O O O O O O O O O B-LOC-TO-NONE-MAIN 
O 
O O O O O B-LOC-NONE-NONE-ATTRACTION O O O 
O O O O O 
O 
O 
O O O O O B-FOOD-NONE-NONE-MAIN 
O 
O O O O O O 
O 
O 
O 
O O 
O 
O O O O O O B-FOOD-NONE-NONE-MAIN I-FOOD-NONE-NONE-MAIN O O O O O O O 
O O 
O O O O O O O O O B-TIME-NONE-NONE-START O B-TIME-NONE-NONE-START O O B-TIME-NONE-NONE-INTERVAL 
O 
O 
O O O O O O O O O O 
O O O O O O O O O O O O O O O O O 
O O O O O O O O O O O O O 
O 
O O O 
O 
O O O O O O O O O O O O O O O O O 
O O O O O O O O O O O O O O O O O O O O 
O O O 
O O 
O O 
O 
O O O O O O O 
O B-FEE-NONE-NONE-ATTRACTION I-FEE-NONE-NONE-ATTRACTION I-FEE-NONE-NONE-ATTRACTION O O O O O O O O 
O O O O 
O O O O O O O O 
O O O O O 
O 
O O O O O O O O O O O O O 
O O O O O O O O O O O O O 
O O O O 
O O O O O O 
O O O O 
O O O 
O O O O O O O O O O O O O O O O O 
O 
O O O B-LOC-NONE-NONE-ROAD I-LOC-NONE-NONE-ROAD O O O O O B-AREA-NONE-NONE-CITY O 
O O O O O O O O O B-TIME-NONE-NONE-DATE O O O B-LOC-NONE-NONE-ROAD I-LOC-NONE-NONE-ROAD 
O O 
O 
O 
O O O O 
O O O O O 
O O O O O O O O O O O O O O O O O O 
O O O O 
O O O 
O O O O O O O O O O O 
O O O 
O 
O 
O O O O B-LOC-NONE-NONE-MAIN I-LOC-NONE-NONE-MAIN I-LOC-NONE-NONE-MAIN O O O O O 
O 
O 
O B-DET-NONE-NONE-STROLL I-DET-NONE-NONE-STROLL O O 
O 
O 
O O O O O O 
O O O O O O O O 
O O O O O O O O O 
O O O O O O 
O O O O O 
O 
O O O 
O O O O O O O O O O O O O 
O O 
O 
O O O O O O O O O O O O O O 
O 
O O O O O O O 
O O 
O O O O O O O 
O O O O O O O B-LOC-NONE-NONE-HOTEL O B-LOC-NONE-NONE-HOTEL O B-FOOD-NONE-NONE-MAIN I-FOOD-NONE-NONE-MAIN O 
O O O O O O O O O O 
O O O B-LOC-NONE-NONE-ROAD I-LOC-NONE-NONE-ROAD O O O O O O O O B-LOC-NONE-NONE-ATTRACTION O 
O O O O 
O O 
O 
O O O O B-FOOD-NONE-NONE-MAIN I-FOOD-NONE-NONE-MAIN O O O 
O 
O 
O O 
O O O O B-WEATHER-NONE-NONE-MAIN 
O 
O 
O O O O O O O O O 
O O O O O O 
O O 
O O O O O O O O O O O O B-TIME-NONE-NONE-INTERVAL I-TIME-NONE-NONE-INTERVAL 
O O O O B-DET-NONE-NONE-BUILDING O O 
O 
O 
O O O O O O O 
O 
O O O 
O O 
O 
O 
O 
O 
O O O O O O O O O O O O O O O O O O 
O O O O O O O O O B-AREA-TO-NONE-CITY 
O 
O 
O O 
O O O O O O 
O O O O O O O O O O O B-LOC-FROM-NONE-AIRPORT 
O O O O O O O O O O B-TRSP-NONE-NONE-MAIN O O O O O O O O B-LOC-FROM-NONE-HOTEL O O O B-LOC-FROM-NONE-AIRPORT O O O B-LOC-TO-NONE-HOTEL 
O 
O 
O O O O B-LOC-NONE-NONE-ATTRACTION I-LOC-NONE-NONE-ATTRACTION 
O O O O O B-DET-NONE-NONE-PRICE I-DET-NONE-NONE-PRICE O O O 
O O O O O O O O O 
O O O O O O O B-DET-NONE-NONE-MAIN I-DET-NONE-NONE-MAIN 
O 
O O B-TIME-NONE-NONE-MAIN I-TIME-NONE-NONE-MAIN 
O 
O 
O O O O O O 
O O O O O O O O O O 
O O O O O O O O O 
O O O O O O 
O O O O O O O B-LOC-TO-NEXT-CULTURAL O O B-LOC-NONE-NONE-WATERSIDE I-LOC-NONE-NONE-WATERSIDE 
O O O O O O O O O 
O O O O O O O O O O B-LOC-NONE-NONE-HOTEL 
O 
O O O O O O O O O B-FOOD-NONE-NONE-MAIN 
O O O O O O O O B-LOC-NONE-NONE-ATTRACTION O O O B-TIME-NONE-NONE-INTERVAL I-TIME-NONE-NONE-INTERVAL 
O 
O O O 
O O O B-FOOD-NONE-NONE-MAIN O O O O B-TIME-NONE-AROUND-MAIN I-TIME-NONE-AROUND-MAIN O O O O O O O O 
O O O O O O O 
O O O O O O O 
O O O O O O O O O O O O O B-FOOD-NONE-NONE-MAIN B-LOC-TO-NONE-RESTAURANT 
O O O O O O O O O O B-FEE-NONE-NONE-SERVICES I-FEE-NONE-NONE-SERVICES I-FEE-NONE-NONE-SERVICES O O 
O O O O O O O O O O B-TRSP-NONE-NONE-MAIN O O O O 
O O O O 
O O O O O O 
O O O O B-LOC-NONE-NONE-RESTAURANT O O O O O 
O O O O O O O B-FOOD-NONE-NONE-MAIN O O O 
O 
O O O O O O O B-AREA-NONE-NONE-CITY O O O O O O O O B-AREA-NONE-NONE-CITY 
O 
O O O O O O O O O O O O B-DET-NONE-NONE-NATURE 
O 
O O O O B-LOC-NONE-NONE-WATERSIDE O B-LOC-NONE-NONE-ATTRACTION 
O 
O 
O 
O O O 
O B-LOC-FROM-NONE-WATERSIDE I-LOC-FROM-NONE-WATERSIDE 
B-LOC-NONE-NONE-ATTRACTION 
O O O O O O O O B-LOC-NONE-NONE-ATTRACTION I-LOC-NONE-NONE-ATTRACTION 
O 
O 
O 
O 
O O O O O O 
O O O 
O 
O 
B-DET-NONE-NONE-NATURE I-DET-NONE-NONE-NATURE 
O 
O O O O O O O 
O O O O O O O 
O 
O O O O O O B-LOC-NONE-NONE-ATTRACTION I-LOC-NONE-NONE-ATTRACTION O O O B-DET-NONE-NONE-NATURE O 
O 
O 
O 
O 
B-DET-NONE-NONE-NATURE I-DET-NONE-NONE-NATURE O 
O O 
B-LOC-NONE-NONE-ATTRACTION I-LOC-NONE-NONE-ATTRACTION 
O 
O O O O O O O O O B-DET-NONE-NONE-NATURE 
O O O O B-AREA-FROM-NONE-COUNTRY 
O O O O O 
O O O B-LOC-NONE-NONE-ATTRACTION 
B-FEE-NONE-NONE-ATTRACTION I-FEE-NONE-NONE-ATTRACTION 
B-FEE-NONE-NONE-ATTRACTION I-FEE-NONE-NONE-ATTRACTION I-FEE-NONE-NONE-ATTRACTION 
B-FEE-NONE-NONE-ATTRACTION I-FEE-NONE-NONE-ATTRACTION 
O 
O O O O O O B-FEE-NONE-NONE-SERVICES I-FEE-NONE-NONE-SERVICES 
O 
O B-TIME-NONE-NONE-INTERVAL I-TIME-NONE-NONE-INTERVAL O 
O 
B-LOC-NONE-NONE-ATTRACTION 
O O O O O O B-TIME-NONE-NONE-MAIN I-TIME-NONE-NONE-MAIN 
O O 
O O O O O B-FEE-NONE-NONE-SERVICES I-FEE-NONE-NONE-SERVICES I-FEE-NONE-NONE-SERVICES I-FEE-NONE-NONE-SERVICES I-FEE-NONE-NONE-SERVICES I-FEE-NONE-NONE-SERVICES 
O B-LOC-NONE-NONE-HOTEL 
O O O O B-TIME-NONE-NONE-INTERVAL I-TIME-NONE-NONE-INTERVAL I-TIME-NONE-NONE-INTERVAL I-TIME-NONE-NONE-INTERVAL 
O 
O O O O O O O O O O O O O O 
O O O 
O O O O O 
O O O O O O O O 
O 
O O O O B-TRSP-NONE-NONE-TYPE O O O O O O B-TRSP-NONE-NONE-TYPE 
O 
B-TRSP-NONE-NONE-MAIN 
O 
O 
O O O O 
O O B-DET-NONE-NONE-PRICE 
O 
O O O O O O O O O O 
O O O O 
B-FOOD-NONE-NONE-MAIN I-FOOD-NONE-NONE-MAIN I-FOOD-NONE-NONE-MAIN 
O 
O O O O O O 
O O O O O O O O O O O O 
O O 
O 
O O O O 
O 
O 
O O O 
O 
O O O O O O O O O O O O O O B-TIME-NONE-NONE-DATE I-TIME-NONE-NONE-DATE 
O O 
O 
O O 
O O O O 
O O 
O O O O O O O O O O O 
O 
O O O O O O O O O O B-FOOD-NONE-NONE-MAIN B-LOC-NONE-NONE-HOTEL 
O O 
O O 
O 
O O 
O O O 
O 
O 
O 
O O O O 
O O O 
O 
O O 
O O 
O O O O O O B-LOC-NONE-NONE-ATTRACTION I-LOC-NONE-NONE-ATTRACTION 
O 
O O 
O 
O O O 
O O O O O 
O O O 
O O O O 
O O 
O O O O O B-AREA-NONE-NONE-DISTRICT O O O O O B-LOC-TO-NONE-HOTEL O O O O B-LOC-FROM-NONE-HOTEL I-LOC-FROM-NONE-HOTEL 
O 
O O O O O O O O O 
O O 
O 
O O O O O O O O O O B-FOOD-NONE-NONE-MAIN I-FOOD-NONE-NONE-MAIN 
O 
O O O 
O O O O O O O 
O O O O O O O O O O O O O O O O 
O 
O O O O O 
B-LOC-NONE-NONE-ATTRACTION O O 
O 
O O O B-LOC-NONE-NONE-ATTRACTION I-LOC-NONE-NONE-ATTRACTION O O 
O O 
O O O 
O O O O O O O O O O 
B-TRSP-NONE-NONE-TYPE 
O O O O O O O O 
B-LOC-NONE-NONE-ROAD I-LOC-NONE-NONE-ROAD 
O O O O 
O O O O O O O B-LOC-NONE-NONE-HOTEL O O O O O O O O O B-TIME-NONE-NONE-INTERVAL I-TIME-NONE-NONE-INTERVAL I-TIME-NONE-NONE-INTERVAL I-TIME-NONE-NONE-INTERVAL 
O 
O O O O O O O 
O O O O O B-DET-NONE-NONE-NATURE 
O O O 
O O 
O 
O O O O O O O 
O O B-DET-NONE-NONE-MAIN 
O O O B-TIME-NONE-NONE-MAIN I-TIME-NONE-NONE-MAIN O O O O O B-LOC-NONE-NONE-HOTEL O O 
O 
O O O 
O O 
O O O O 
O 
O O O 
O O O 
O O 
O O O O O O O O 
O 
O B-LOC-NONE-NONE-WATERSIDE I-LOC-NONE-NONE-WATERSIDE 
O O O O O O O 
O O O O O O 
O 
O 
O O O O 
O O 
O O O 
O O O O B-DET-NONE-NONE-NATURE 
O O O 
B-FEE-NONE-NONE-PRODUCTS I-FEE-NONE-NONE-PRODUCTS I-FEE-NONE-NONE-PRODUCTS 
O O O O O O O O O O O O 
O 
O O O 
O O 
O 
O 
O 
O 
O O 
O O O O O O O O 
O 
O 
O O O O O O O O B-AREA-FROM-NONE-COUNTRY O O 
O 
O O O O O O O O B-TRSP-NONE-NONE-TYPE 
O O O O 
O O O O O O 
O 
O O O O O O O O O O O 
O O O O O O O O O O O 
B-FEE-NONE-NONE-MAIN I-FEE-NONE-NONE-MAIN 
B-FEE-NONE-NONE-MAIN I-FEE-NONE-NONE-MAIN 
O 
O O O O O O O O O O 
O O O 
O O B-LOC-NONE-NONE-ATTRACTION O O O O O 
O 
O O O O O O O B-TRSP-TO-NONE-TYPE O O B-LOC-FROM-NONE-AIRPORT O O O B-TIME-NONE-NONE-INTERVAL I-TIME-NONE-NONE-INTERVAL O O 
O O O O O O O O O B-LOC-FROM-NONE-AIRPORT O O O B-LOC-TO-NONE-HOTEL 
O 
O O 
O 
O 
O O O O O O O O O O 
O O O O O O O O O 
O O O O O O O O B-FEE-NONE-NONE-MAIN I-FEE-NONE-NONE-MAIN I-FEE-NONE-NONE-MAIN I-FEE-NONE-NONE-MAIN O O O O O O O O O O O O O O O O O O O O O O O O O O O O O O O O O 
O O O O O O O O O O O O O O O B-AREA-NONE-NONE-CITY O O O O O O O O O O O 
O O O O O 
O O O O O O O O O O O O O B-FOOD-NONE-NONE-MAIN 
O O O O O O 
O 
O 
O 
O O O O O O 
O O O O O 
O O O O O O O B-DET-NONE-NONE-PRICE O O O O O O 
O O O O O O B-FOOD-NONE-NONE-MAIN I-FOOD-NONE-NONE-MAIN B-FOOD-NONE-NONE-MAIN O 
O 
O O O O 
O 
O 
O O O B-LOC-NONE-NONE-ATTRACTION I-LOC-NONE-NONE-ATTRACTION O O 
O O O O 
B-FEE-NONE-NONE-SERVICES I-FEE-NONE-NONE-SERVICES 
O O O O O O O B-DET-NONE-NONE-PRICE O B-FEE-NONE-NONE-SERVICES I-FEE-NONE-NONE-SERVICES O O O O O O O O O O O O O O O O O O O O O 
O 
O 
O 
O 
O O O O O O O O O O B-FEE-NONE-NONE-SERVICES I-FEE-NONE-NONE-SERVICES O O O 
O O O B-LOC-NONE-NONE-ATTRACTION O O O B-LOC-NONE-NONE-ATTRACTION I-LOC-NONE-NONE-ATTRACTION B-LOC-NONE-NONE-ATTRACTION O 
O O O O O O O O O O O O O O O O O O B-TIME-NONE-NONE-DATE I-TIME-NONE-NONE-DATE B-TIME-NONE-NONE-DATE I-TIME-NONE-NONE-DATE O O O B-TIME-NONE-NONE-INTERVAL I-TIME-NONE-NONE-INTERVAL O O 
O 
O 
O O O O B-DET-NONE-NONE-NATURE O 
O O O O O O O O 
O 
O 
O O O O O O B-TRSP-NONE-NONE-TYPE O O O O B-TIME-NONE-NONE-INTERVAL I-TIME-NONE-NONE-INTERVAL I-TIME-NONE-NONE-INTERVAL 
O O O O O O B-LOC-NONE-NONE-SHOP O O O O O B-DET-NONE-NONE-MAIN O O O O O O B-LOC-NONE-NEAR-SHOP 
O O O O O O O O O O B-TIME-NONE-NONE-MAIN I-TIME-NONE-NONE-MAIN O O O O O O O O O O O O O O O O O 
O 
B-TRSP-NONE-NONE-TYPE O 
O O O O O O O O O O O O O O 
O O O 
B-FEE-NONE-NONE-SERVICES I-FEE-NONE-NONE-SERVICES I-FEE-NONE-NONE-SERVICES 
O O O 
O O 
O O O O O O B-TIME-NONE-NONE-DATE O O O B-TIME-NONE-NONE-DATE O B-TIME-NONE-NONE-DATE 
O O O O O B-DET-NONE-NONE-PRICE I-DET-NONE-NONE-PRICE O O B-TIME-NONE-NONE-INTERVAL I-TIME-NONE-NONE-INTERVAL I-TIME-NONE-NONE-INTERVAL O 
O 
O O O O 
O O 
O 
O O O O B-LOC-NONE-NONE-SHOP O O O O B-LOC-NONE-NONE-SHOP I-LOC-NONE-NONE-SHOP O 
O O O O O O O O O O O O 
O 
O O O O O O O O O O O O O O O O O O 
O O 
O O O O O O O O O O O O 
O O O O 
O 
O 
O O O 
O O O O O O O O O B-DET-NONE-NONE-EVENT I-DET-NONE-NONE-EVENT 
O O O O O O O 
O O O O 
O 
O 
O 
O O O 
O O O O O B-TRSP-NONE-NONE-MAIN O O B-AREA-NONE-NONE-CITY O O 
O O O O O O O O O O 
O O 
O O 
O O 
O O O O B-LOC-NONE-NONE-RESTAURANT I-LOC-NONE-NONE-RESTAURANT O O O O B-LOC-NONE-NONE-RESTAURANT O O O O O O O 
O O O O O O O O O O O O O O O O O O 
O O 
O O B-DET-NONE-NONE-PRICE B-LOC-NONE-NONE-HOTEL O O O O O O O 
O O O O 
O O O B-DET-NONE-NONE-PRICE O O O 
O O O O B-DET-NONE-NONE-PRICE O O O 
O O O O O O O O O B-TRSP-NONE-NONE-MAIN 
O 
O O 
O 
O 
O O O B-DET-NONE-NONE-PRICE B-TRSP-NONE-NONE-TYPE O B-TRSP-NONE-NONE-TYPE 
O O O O O O O O O O B-TRSP-NONE-NONE-MAIN I-TRSP-NONE-NONE-MAIN 
O O 
O O O O 
O O B-TRSP-NONE-NONE-MAIN I-TRSP-NONE-NONE-MAIN O 
O 
O 
O O O O O B-DET-NONE-NONE-MAIN I-DET-NONE-NONE-MAIN O O O O O O O B-TIME-NONE-NONE-INTERVAL O 
O 
O O O O O O 
O O O B-TRSP-NONE-NONE-TYPE O 
O O 
O 
O O O O O B-LOC-NONE-NONE-ATTRACTION O O O O O O O O 
O O O O O O O O 
O O O O O O O 
B-TIME-NONE-NONE-START O B-TIME-NONE-NONE-END 
B-LOC-NONE-NONE-SHOP I-LOC-NONE-NONE-SHOP O O O O O O O O O O 
B-LOC-NONE-NONE-SHOP I-LOC-NONE-NONE-SHOP O O O O O O O O O O 
O O 
O O O O O 
O O O O O 
O O O O O O O O O O O O O B-LOC-NONE-NONE-RESTAURANT 
O O O O O O O O O O O O O 
O O O O O 
O 
O 
O O O O O O O O O B-DET-NONE-NONE-MAIN 
O O O O O O O O O B-TIME-NONE-NONE-INTERVAL O O O O O O O O B-FEE-NONE-NONE-SERVICES I-FEE-NONE-NONE-SERVICES I-FEE-NONE-NONE-SERVICES B-FEE-NONE-NONE-SERVICES I-FEE-NONE-NONE-SERVICES I-FEE-NONE-NONE-SERVICES I-FEE-NONE-NONE-SERVICES O B-DET-NONE-NONE-EVENT O O B-FOOD-NONE-NONE-MAIN O O O O O O O O 
O 
O O O O O O O 
O O O 
O O 
O 
O O 
O 
O 
O O O O O O O 
O O 
O B-FOOD-NONE-NONE-MAIN O O 
O 
O O 
O O 
O O 
